(node:35681) ExperimentalWarning: `--experimental-loader` may be removed in the future; instead use `register()`:
--import 'data:text/javascript,import { register } from "node:module"; import { pathToFileURL } from "node:url"; register("ts-node/esm", pathToFileURL("./"));'
(Use `node --trace-warnings ...` to show where the warning was created)

node:internal/modules/run_main:107
    triggerUncaughtException(
    ^
[Object: null prototype] {
  Symbol(nodejs.util.inspect.custom): [Function: [nodejs.util.inspect.custom]]
}

Node.js v24.16.0
